
> vite_react_shadcn_ts@0.0.0 build
> vite build

[36mvite v5.4.21 [32mbuilding for production...[36m[39m
transforming...
[32mظ£ô[39m 4307 modules transformed.
rendering chunks...
node.exe : [1m[33m[plugin
:vite:reporter][39m[22m 
[33m[plugin 
vite:reporter] 
At line:1 char:1
+ & "C:\Program 
Files\nodejs/node.exe" 
"C:\Program 
Files\nodejs/node_mo ...
+ ~~~~~~~~~~~~~~~~~~~~~~~~~
~~~~~~~~~~~~~~~~~~~~~~~~~~~
~~~~~~~~~~~~~~~~~
    + CategoryInfo         
 :     NotSpecified: 
([1m[33m[p    
lugi...vite:reporter] :Str 
   ing) [], RemoteException
    + 
FullyQualifiedErrorId :    
 NativeCommandError
 
(!) D:/Fox3-main/src/servic
es/api.ts is dynamically 
imported by D:/Fox3-main/sr
c/pages/admin/AdminSettings
.tsx but also statically 
imported by D:/Fox3-main/sr
c/components/AppLayout.tsx,
 D:/Fox3-main/src/pages/For
gotPasswordPage.tsx, D:/Fox
3-main/src/pages/LoginPage.
tsx, D:/Fox3-main/src/pages
/RegisterPage.tsx, D:/Fox3-
main/src/pages/ResetPasswor
dPage.tsx, D:/Fox3-main/src
/pages/admin/AdminAdmins.ts
x, D:/Fox3-main/src/pages/a
dmin/AdminDashboard.tsx, D:
/Fox3-main/src/pages/admin/
AdminDriverRatings.tsx, D:/
Fox3-main/src/pages/admin/A
dminFinance.tsx, D:/Fox3-ma
in/src/pages/admin/AdminShi
ppersDrivers.tsx, D:/Fox3-m
ain/src/pages/admin/AdminUs
ers.tsx, D:/Fox3-main/src/p
ages/driver/DriverAccount.t
sx, D:/Fox3-main/src/pages/
driver/DriverBids.tsx, D:/F
ox3-main/src/pages/driver/D
riverDashboard.tsx, D:/Fox3
-main/src/pages/driver/Driv
erHistory.tsx, D:/Fox3-main
/src/pages/driver/DriverLoa
ds.tsx, D:/Fox3-main/src/pa
ges/driver/DriverMaintenanc
e.tsx, D:/Fox3-main/src/pag
es/driver/DriverMessaging.t
sx, D:/Fox3-main/src/pages/
driver/DriverPrintWaybill.t
sx, D:/Fox3-main/src/pages/
driver/DriverStatement.tsx,
 D:/Fox3-main/src/pages/dri
ver/DriverTasks.tsx, D:/Fox
3-main/src/pages/driver/Dri
verTrack.tsx, D:/Fox3-main/
src/pages/driver/DriverTruc
ks.tsx, D:/Fox3-main/src/pa
ges/shipper/ShipperAccount.
tsx, D:/Fox3-main/src/pages
/shipper/ShipperAddProduct.
tsx, D:/Fox3-main/src/pages
/shipper/ShipperAddReceiver
.tsx, D:/Fox3-main/src/page
s/shipper/ShipperBids.tsx, 
D:/Fox3-main/src/pages/ship
per/ShipperDashboard.tsx, D
:/Fox3-main/src/pages/shipp
er/ShipperDrivers.tsx, D:/F
ox3-main/src/pages/shipper/
ShipperHistory.tsx, D:/Fox3
-main/src/pages/shipper/Shi
pperLoads.tsx, D:/Fox3-main
/src/pages/shipper/ShipperL
ocations.tsx, D:/Fox3-main/
src/pages/shipper/ShipperMe
ssaging.tsx, D:/Fox3-main/s
rc/pages/shipper/ShipperPos
tLoad.tsx, D:/Fox3-main/src
/pages/shipper/ShipperState
ment.tsx, D:/Fox3-main/src/
pages/shipper/ShipperTrack.
tsx, dynamic import will 
not move module into 
another chunk.
[39m
[1m[33m[plugin:vite:repor
ter][39m[22m 
[33m[plugin 
vite:reporter] 
(!) D:/Fox3-main/src/lib/fi
nances.ts is dynamically 
imported by D:/Fox3-main/sr
c/services/api.ts, D:/Fox3-
main/src/services/api.ts, D
:/Fox3-main/src/services/ap
i.ts, D:/Fox3-main/src/serv
ices/api.ts, D:/Fox3-main/s
rc/services/api.ts, D:/Fox3
-main/src/services/api.ts, 
D:/Fox3-main/src/services/a
pi.ts, D:/Fox3-main/src/ser
vices/api.ts, D:/Fox3-main/
src/services/api.ts, D:/Fox
3-main/src/services/api.ts,
 D:/Fox3-main/src/services/
api.ts but also statically 
imported by D:/Fox3-main/sr
c/components/finance/Paymen
tModal.tsx, D:/Fox3-main/sr
c/pages/driver/DriverStatem
ent.tsx, D:/Fox3-main/src/p
ages/shipper/ShipperLoads.t
sx, dynamic import will 
not move module into 
another chunk.
[39m
computing gzip size...
[2mdist/[22m[32mindex.html                    [39m[1m[2m    4.54 kB[22m[1m[22m[2m ظ¤é gzip:     2.14 kB[22m
[2mdist/[22m[35massets/index-BjJEw1SM.css     [39m[1m[2m  139.54 kB[22m[1m[22m[2m ظ¤é gzip:    21.48 kB[22m
[2mdist/[22m[36massets/purify.es-B9ZVCkUG.js  [39m[1m[2m   22.64 kB[22m[1m[22m[2m ظ¤é gzip:     8.75 kB[22m
[2mdist/[22m[36massets/index.es-Bs_Up-ay.js   [39m[1m[2m  150.47 kB[22m[1m[22m[2m ظ¤é gzip:    51.44 kB[22m
[2mdist/[22m[36massets/index-MjQ70eiM.js      [39m[1m[33m3,447.79 kB[39m[22m[2m ظ¤é gzip: 1,038.21 kB[22m
[33m
(!) Some chunks are larger 
than 500 kB after 
minification. Consider:
- Using dynamic import() 
to code-split the 
application
- Use build.rollupOptions.o
utput.manualChunks to 
improve chunking: https://r
ollupjs.org/configuration-o
ptions/#output-manualchunks
- Adjust chunk size limit 
for this warning via build.
chunkSizeWarningLimit.[39m
[32mظ£ô built in 50.44s[39m
